2026-01-11 21:10:23 [com.hotel.server.ServerApp.main()] INFO  com.hotel.server.ServerApp - Baza danych jest dostępna.
2026-01-11 21:10:23 [com.hotel.server.ServerApp.main()] INFO  com.hotel.server.ServerApp - Serwer został pomyślnie uruchomiony na porcie 8189
2026-01-11 21:11:19 [JavaFX Application Thread] INFO  com.hotel.client.LoginController - Wysyłanie zapytania do serwera...
2026-01-11 21:11:19 [com.hotel.server.ServerApp.main()] INFO  com.hotel.server.ServerApp - Nowe połączenie od: /127.0.0.1
2026-01-11 21:11:19 [JavaFX Application Thread] INFO  com.hotel.client.NetworkClient - Podłączono do serwera
2026-01-11 21:11:19 [Thread-2] INFO  com.hotel.server.ClientHandler - Klient podłączony: /127.0.0.1
2026-01-11 21:11:19 [Thread-2] INFO  com.hotel.server.ClientHandler - Próba logowania: sd
2026-01-11 21:11:19 [JavaFX Application Thread] INFO  com.hotel.client.LoginController - Logowanie zakończone sukcesem! Rola: CLIENT
2026-01-11 21:11:19 [Thread-2] INFO  com.hotel.server.ClientHandler - Klient poprosił o listę pokoi...
2026-01-11 21:11:28 [JavaFX Application Thread] INFO  com.hotel.client.LoginController - Wysyłanie zapytania do serwera...
2026-01-11 21:11:28 [Thread-2] INFO  com.hotel.server.ClientHandler - Próba logowania: sdasd
2026-01-11 21:11:28 [JavaFX Application Thread] INFO  com.hotel.client.LoginController - Logowanie zakończone sukcesem! Rola: CLIENT
2026-01-11 21:11:28 [Thread-2] INFO  com.hotel.server.ClientHandler - Klient poprosił o listę pokoi...
2026-01-11 21:11:50 [Thread-2] INFO  com.hotel.server.ClientHandler - Otrzymano zapytanie dotyczące rezerwacji.
2026-01-11 21:11:52 [Thread-2] INFO  com.hotel.server.ClientHandler - Klient poprosił o listę pokoi...
2026-01-11 21:11:57 [Thread-2] INFO  com.hotel.server.ClientHandler - Otrzymano zapytanie dotyczące rezerwacji.
2026-01-11 21:11:59 [Thread-2] INFO  com.hotel.server.ClientHandler - Klient poprosił o listę pokoi...
2026-01-11 21:12:12 [JavaFX Application Thread] INFO  com.hotel.client.LoginController - Wysyłanie zapytania do serwera...
2026-01-11 21:12:12 [Thread-2] INFO  com.hotel.server.ClientHandler - Próba logowania: admin
2026-01-11 21:12:12 [JavaFX Application Thread] INFO  com.hotel.client.LoginController - Logowanie zakończone sukcesem! Rola: ADMIN
2026-01-11 21:12:12 [JavaFX Application Thread] INFO  com.hotel.client.AdminController - Pobieranie danych z serwera...
2026-01-11 21:12:12 [Thread-2] INFO  com.hotel.server.ClientHandler - Klient poprosił o listę pokoi...
2026-01-11 21:12:17 [JavaFX Application Thread] INFO  com.hotel.client.AdminController - Pobieranie danych z serwera...
2026-01-11 21:12:17 [Thread-2] INFO  com.hotel.server.ClientHandler - Klient poprosił o listę pokoi...
2026-01-11 21:12:19 [JavaFX Application Thread] INFO  com.hotel.client.AdminController - Pobieranie danych z serwera...
2026-01-11 21:12:19 [Thread-2] INFO  com.hotel.server.ClientHandler - Klient poprosił o listę pokoi...
2026-01-11 21:12:24 [JavaFX Application Thread] INFO  com.hotel.client.AdminController - Pobieranie danych z serwera...
2026-01-11 21:12:24 [Thread-2] INFO  com.hotel.server.ClientHandler - Klient poprosił o listę pokoi...
2026-01-11 21:12:27 [JavaFX Application Thread] INFO  com.hotel.client.AdminController - Pobieranie danych z serwera...
2026-01-11 21:12:27 [Thread-2] INFO  com.hotel.server.ClientHandler - Klient poprosił o listę pokoi...
2026-01-11 21:12:29 [JavaFX Application Thread] INFO  com.hotel.client.AdminController - Pobieranie danych z serwera...
2026-01-11 21:12:29 [Thread-2] INFO  com.hotel.server.ClientHandler - Klient poprosił o listę pokoi...
2026-01-11 21:12:30 [JavaFX Application Thread] INFO  com.hotel.client.AdminController - Pobieranie danych z serwera...
2026-01-11 21:12:30 [Thread-2] INFO  com.hotel.server.ClientHandler - Klient poprosił o listę pokoi...
2026-01-11 21:12:31 [JavaFX Application Thread] INFO  com.hotel.client.AdminController - Pobieranie danych z serwera...
2026-01-11 21:12:31 [Thread-2] INFO  com.hotel.server.ClientHandler - Klient poprosił o listę pokoi...
2026-01-11 21:12:45 [Thread-2] INFO  com.hotel.server.ClientHandler - Klient się rozłączył: /127.0.0.1
2026-01-11 21:29:19 [com.hotel.server.ServerApp.main()] INFO  com.hotel.server.ServerApp - Baza danych jest dostępna.
2026-01-11 21:29:19 [com.hotel.server.ServerApp.main()] INFO  com.hotel.server.ServerApp - Serwer został pomyślnie uruchomiony na porcie 8189
2026-01-11 21:29:50 [JavaFX Application Thread] INFO  com.hotel.client.LoginController - Wysyłanie zapytania do serwera...
2026-01-11 21:29:50 [com.hotel.server.ServerApp.main()] INFO  com.hotel.server.ServerApp - Nowe połączenie od: /127.0.0.1
2026-01-11 21:29:50 [JavaFX Application Thread] INFO  com.hotel.client.NetworkClient - Podłączono do serwera
2026-01-11 21:29:50 [Thread-2] INFO  com.hotel.server.ClientHandler - Klient podłączony: /127.0.0.1
2026-01-11 21:29:50 [Thread-2] INFO  com.hotel.server.ClientHandler - Próba logowania: asds
2026-01-11 21:29:50 [JavaFX Application Thread] INFO  com.hotel.client.LoginController - Logowanie zakończone sukcesem! Rola: CLIENT
2026-01-11 21:29:50 [Thread-2] INFO  com.hotel.server.ClientHandler - Klient poprosił o listę pokoi...
2026-01-11 21:30:00 [Thread-2] INFO  com.hotel.server.ClientHandler - Otrzymano zapytanie dotyczące rezerwacji.
2026-01-11 21:30:01 [Thread-2] INFO  com.hotel.server.ClientHandler - Klient poprosił o listę pokoi...
2026-01-11 21:30:08 [JavaFX Application Thread] INFO  com.hotel.client.LoginController - Wysyłanie zapytania do serwera...
2026-01-11 21:30:08 [Thread-2] INFO  com.hotel.server.ClientHandler - Próba logowania: admin
2026-01-11 21:30:08 [JavaFX Application Thread] INFO  com.hotel.client.LoginController - Logowanie zakończone sukcesem! Rola: ADMIN
2026-01-11 21:30:08 [JavaFX Application Thread] INFO  com.hotel.client.AdminController - Pobieranie danych z serwera...
2026-01-11 21:30:08 [Thread-2] INFO  com.hotel.server.ClientHandler - Klient poprosił o listę pokoi...
2026-01-11 21:30:14 [JavaFX Application Thread] INFO  com.hotel.client.AdminController - Pobieranie danych z serwera...
2026-01-11 21:30:14 [Thread-2] INFO  com.hotel.server.ClientHandler - Klient poprosił o listę pokoi...
2026-01-11 21:30:15 [JavaFX Application Thread] INFO  com.hotel.client.AdminController - Pobieranie danych z serwera...
2026-01-11 21:30:15 [Thread-2] INFO  com.hotel.server.ClientHandler - Klient poprosił o listę pokoi...
2026-01-11 21:30:16 [JavaFX Application Thread] INFO  com.hotel.client.AdminController - Pobieranie danych z serwera...
2026-01-11 21:30:16 [Thread-2] INFO  com.hotel.server.ClientHandler - Klient poprosił o listę pokoi...
2026-01-11 21:30:16 [JavaFX Application Thread] INFO  com.hotel.client.AdminController - Pobieranie danych z serwera...
2026-01-11 21:30:16 [Thread-2] INFO  com.hotel.server.ClientHandler - Klient poprosił o listę pokoi...
2026-01-11 21:30:17 [Thread-2] INFO  com.hotel.server.ClientHandler - Klient się rozłączył: /127.0.0.1
